[www.dhs.gov/sites/default/files/google_analytics/gtag19bc.js]
[backblue.gif]
[fade.gif]
[index.html]
[www.dhs.gov/themes/custom/dhs_uswds/favicon.ico]
[www.dhs.gov/themes/contrib/stable/css/system/components/system-status-report-general-info19bc.css]
[www.dhs.gov/themes/contrib/stable/css/system/components/tablesort.module19bc.css]
[www.dhs.gov/profiles/dhsd8_gov/modules/contrib/extlink_extra/css/extlink_extra.50819bc.css]
[www.dhs.gov/themes/contrib/stable/css/views/views.module19bc.css]
[www.dhs.gov/core/modules/ckeditor5/css/ckeditor5.dialog.fix19bc.css]
[www.dhs.gov/core/assets/vendor/jquery.ui/themes/base/theme19bc.css]
[www.dhs.gov/modules/contrib/ableplayer/css/ableplayer.min19bc.css]
[www.dhs.gov/modules/contrib/ckeditor_accordion/css/accordion.frontend19bc.css]
[www.dhs.gov/modules/contrib/extlink/extlink19bc.css]
[www.dhs.gov/modules/contrib/wcm_node_feedback/css/wcm_node_feedback19bc.css]
[www.dhs.gov/modules/custom/wcm_survey/css/wcm_survey19bc.css]
[www.dhs.gov/themes/contrib/stable/css/core/assets/vendor/normalize-css/normalize19bc.css]
[www.dhs.gov/themes/contrib/stable/css/core/normalize-fixes19bc.css]
[www.dhs.gov/themes/contrib/classy/css/components/messages19bc.css]
[www.dhs.gov/themes/contrib/classy/css/components/progress19bc.css]
[www.dhs.gov/themes/contrib/classy/css/components/dialog19bc.css]
[www.dhs.gov/themes/custom/dhs_uswds/assets/uswds/css/styles19bc.css]
[www.dhs.gov/profiles/dhsd8_gov/themes/custom/dhs_uswds_subtheme/assets/css/styles19bc.css]
[www.dhs.gov/profiles/dhsd8_gov/themes/custom/dhs_uswds_subtheme/assets/css/print19bc.css]
[www.dhs.gov/libraries/slick-carousel/slick/slick19bc.css]
[www.dhs.gov/libraries/slick-carousel/slick/slick-theme19bc.css]
[www.dhs.gov/themes/contrib/uswds/css/style19bc.css]
[www.dhs.gov/themes/contrib/seven/css/components/dropbutton.component19bc.css]
[dap.digitalgov.gov/Universal-Federated-Analytics-Min6020.js]
[www.dhs.gov/profiles/dhsd8_gov/themes/custom/dhs_uswds_subtheme/assets/img/us_flag_small.png]
[www.dhs.gov/profiles/dhsd8_gov/themes/custom/dhs_uswds_subtheme/assets/img/icon-dot-gov.svg]
[www.dhs.gov/profiles/dhsd8_gov/themes/custom/dhs_uswds_subtheme/assets/img/icon-https.svg]
[www.dhs.gov/profiles/dhsd8_gov/themes/custom/dhs_uswds_subtheme/logo-wordmark-blue.svg]
[cse.google.com/feaba.txt]
[www.dhs.gov/themes/custom/dhs_uswds/assets/uswds/img/usa-icons/close-white.svg]
[www.dhs.gov/profiles/dhsd8_gov/themes/custom/dhs_uswds_subtheme/assets/img/usa-icons-bg/search--white.svg]
[www.dhs.gov/sites/default/files/2025-03/23_1115_dhs_updated-language-access-plan_508.pdf]
[www.dhs.gov/sites/default/files/publications/crcl-dhs-language-access-plan.pdf]
[www.dhs.gov/sites/default/files/publications/crcl-language-access-plan-s1-message-english.pdf]
[www.dhs.gov/sites/default/files/publications/officer-memo-component-heads-updating-lep-plans-2018.pdf]
[www.dhs.gov/sites/default/files/2024-11/24_1126_blue-campaign-language-access-plan.pdf]
[www.dhs.gov/sites/default/files/2024-11/24_1126_cp3-language-access-plan.pdf]
[www.dhs.gov/sites/default/files/publications/crcl-language-access-plan-updated-2020.pdf]
[www.dhs.gov/sites/default/files/2024-11/24_1126_cisa-language-access-plan.pdf]
[www.dhs.gov/sites/default/files/2024-11/24_1126_fps-language-access-plan.pdf]
[www.dhs.gov/sites/default/files/2025-01/25_0114_fema-language-access-plan.pdf]
[www.dhs.gov/sites/default/files/2024-11/24_1126_oido-language-access-plan.pdf]
[www.dhs.gov/sites/default/files/2024-11/24_1126_opa-language-access-plan.pdf]
[www.dhs.gov/sites/default/files/2024-11/24_1126_tsa-language-access-plan.pdf]
[www.dhs.gov/sites/default/files/2024-12/24_1210_uscg-language-access-plan.pdf]
[www.dhs.gov/sites/default/files/publications/usss_lap_update_january-13-2020.pdf]
[www.dhs.gov/sites/default/files/publications/cbp-updated-language-access-plan-2020.pdf]
[www.dhs.gov/sites/default/files/publications/ls-2020-011253-chi-30july2020_-_508_compliant.pdf]
[www.dhs.gov/sites/default/files/publications/ls-2020-011253-fre-final_-_508_compliant.pdf]
[www.dhs.gov/sites/default/files/publications/ls-2020-011253-ger-final_-_508_compliant.pdf]
[www.dhs.gov/sites/default/files/publications/ls-2020-011253-hin-final_-_508_compliant.pdf]
[www.dhs.gov/sites/default/files/2024-12/ls-2020-011253-ita-final_-_508_compliant.pdf]
[www.dhs.gov/sites/default/files/publications/ls-2020-011253-jpn-final_-_508_compliant.pdf]
[www.dhs.gov/sites/default/files/publications/ls-2020-011253-por-final_-_508_compliant.pdf]
[www.dhs.gov/sites/default/files/publications/ls-2020-011253-spa-final_-_508_compliant.pdf]
[www.dhs.gov/themes/custom/dhs_uswds/img/social-icons/facebook.svg]
[www.dhs.gov/themes/custom/dhs_uswds/img/social-icons/x.svg]
[www.dhs.gov/themes/custom/dhs_uswds/img/social-icons/youtube.svg]
[www.dhs.gov/themes/custom/dhs_uswds/img/social-icons/flickr.svg]
[www.dhs.gov/themes/custom/dhs_uswds/img/social-icons/instagram.svg]
[www.dhs.gov/themes/custom/dhs_uswds/img/social-icons/linkedin.svg]
[www.dhs.gov/themes/custom/dhs_uswds/img/social-icons/email.svg]
[www.dhs.gov/themes/custom/dhs_uswds/logo.svg]
[www.dhs.gov/core/assets/vendor/jquery/jquery.mind734.js]
[www.dhs.gov/core/assets/vendor/once/once.minf700.js]
[www.dhs.gov/core/misc/drupalSettingsLoader1448.js]
[www.dhs.gov/core/misc/drupal1448.js]
[www.dhs.gov/core/misc/drupal.init1448.js]
[www.dhs.gov/core/assets/vendor/jquery.ui/ui/version-min1448.js]
[www.dhs.gov/core/assets/vendor/jquery.ui/ui/data-min1448.js]
[www.dhs.gov/core/assets/vendor/jquery.ui/ui/disable-selection-min1448.js]
[www.dhs.gov/core/assets/vendor/jquery.ui/ui/jquery-patch-min1448.js]
[www.dhs.gov/core/assets/vendor/jquery.ui/ui/scroll-parent-min1448.js]
[www.dhs.gov/core/assets/vendor/jquery.ui/ui/unique-id-min1448.js]
[www.dhs.gov/core/assets/vendor/jquery.ui/ui/focusable-min1448.js]
[www.dhs.gov/core/assets/vendor/jquery.ui/ui/keycode-min1448.js]
[www.dhs.gov/core/assets/vendor/jquery.ui/ui/plugin-min1448.js]
[www.dhs.gov/core/assets/vendor/jquery.ui/ui/widget-min1448.js]
[www.dhs.gov/core/assets/vendor/jquery.ui/ui/labels-min1448.js]
[www.dhs.gov/core/assets/vendor/jquery.ui/ui/widgets/controlgroup-min1448.js]
[www.dhs.gov/core/assets/vendor/jquery.ui/ui/form-reset-mixin-min1448.js]
[www.dhs.gov/core/assets/vendor/jquery.ui/ui/widgets/mouse-min1448.js]
[www.dhs.gov/core/assets/vendor/jquery.ui/ui/widgets/checkboxradio-min1448.js]
[www.dhs.gov/core/assets/vendor/jquery.ui/ui/widgets/draggable-min1448.js]
[www.dhs.gov/core/assets/vendor/jquery.ui/ui/widgets/resizable-min1448.js]
[www.dhs.gov/core/assets/vendor/jquery.ui/ui/widgets/button-min1448.js]
[www.dhs.gov/core/assets/vendor/jquery.ui/ui/widgets/dialog-min1448.js]
[www.dhs.gov/core/assets/vendor/tabbable/index.umd.min0559.js]
[www.dhs.gov/core/assets/vendor/tua-body-scroll-lock/tua-bsl.umd.min1448.js]
[www.dhs.gov/modules/contrib/ckeditor_accordion/js/accordion.frontend.min19bc.js]
[www.dhs.gov/core/misc/jquery.forme0a5.js]
[www.dhs.gov/core/misc/progress1448.js]
[www.dhs.gov/core/assets/vendor/loadjs/loadjs.mine0a5.js]
[www.dhs.gov/core/misc/debounce1448.js]
[www.dhs.gov/core/misc/announce1448.js]
[www.dhs.gov/core/misc/message1448.js]
[www.dhs.gov/core/misc/ajax1448.js]
[www.dhs.gov/themes/contrib/stable/js/ajax1448.js]
[www.dhs.gov/core/misc/displace1448.js]
[www.dhs.gov/core/misc/jquery.tabbable.shim1448.js]
[www.dhs.gov/core/misc/position1448.js]
[www.dhs.gov/core/misc/dialog/dialog-deprecation1448.js]
[www.dhs.gov/core/misc/dialog/dialog1448.js]
[www.dhs.gov/core/misc/dialog/dialog.position1448.js]
[www.dhs.gov/core/misc/dialog/dialog.jquery-ui1448.js]
[www.dhs.gov/core/modules/ckeditor5/js/ckeditor5.dialog.fix1448.js]
[www.dhs.gov/core/misc/dialog/dialog.ajax1448.js]
[www.dhs.gov/core/misc/states1448.js]
[www.dhs.gov/profiles/dhsd8_gov/modules/custom/dhs_core/js/dhs_anchor_accordion_linksa0fc.js]
[www.dhs.gov/themes/custom/dhs_uswds/assets/uswds/js/uswds-init994f.js]
[www.dhs.gov/themes/custom/dhs_uswds/assets/uswds/js/uswds.min994f.js]
[www.dhs.gov/libraries/slick-carousel/slick/slickf700.js]
[www.dhs.gov/profiles/dhsd8_gov/themes/custom/dhs_uswds_subtheme/js/aplayer-accordionf700.js]
[www.dhs.gov/profiles/dhsd8_gov/themes/custom/dhs_uswds_subtheme/js/accordion-expand-allf700.js]
[www.dhs.gov/profiles/dhsd8_gov/themes/custom/dhs_uswds_subtheme/js/meetselva-attrchange/js/attrchangef700.js]
[www.dhs.gov/profiles/dhsd8_gov/themes/custom/dhs_uswds_subtheme/js/sidebar-menuf700.js]
[www.dhs.gov/profiles/dhsd8_gov/themes/custom/dhs_uswds_subtheme/js/generalf700.js]
[www.dhs.gov/profiles/dhsd8_gov/themes/custom/dhs_uswds_subtheme/js/opensearch_menu_tabsf700.js]
[siteimproveanalytics.com/js/siteanalyze_6025116.js]
[cdn.jsdelivr.net/npm/js-cookie@3.0.1/dist/js.cookie.min.js]
[www.dhs.gov/modules/contrib/ableplayer/js/ableplayer.min324a.js]
[www.dhs.gov/modules/contrib/emerald_client/js/emerald.ableplayer19bc.js]
[www.dhs.gov/modules/contrib/extlink/extlink1448.js]
[www.dhs.gov/profiles/dhsd8_gov/modules/contrib/extlink_extra/js/extlink_extra19bc.js]
[www.dhs.gov/modules/contrib/google_analytics/js/google_analytics1448.js]
[www.dhs.gov/modules/contrib/uswds_ckeditor_integration/js/aftermarket/uswds_accordion19bc.js]
[www.dhs.gov/modules/custom/wcm_survey/js/jquery.cookiea0fc.js]
[www.dhs.gov/modules/custom/wcm_survey/js/json3.mina0fc.js]
[www.dhs.gov/modules/custom/wcm_survey/js/wcm_surveya0fc.js]
[www.dhs.gov/publication/dhs-language-access-plans.html]
[www.googletagmanager.com/gtm5445.html]
[www.dhs.gov/core/assets/vendor/jquery.ui/themes/base/core19bc.css]
[www.dhs.gov/core/assets/vendor/jquery.ui/themes/base/controlgroup19bc.css]
[www.dhs.gov/core/assets/vendor/jquery.ui/themes/base/checkboxradio19bc.css]
[www.dhs.gov/core/assets/vendor/jquery.ui/themes/base/resizable19bc.css]
[www.dhs.gov/core/assets/vendor/jquery.ui/themes/base/button19bc.css]
[www.dhs.gov/core/assets/vendor/jquery.ui/themes/base/dialog19bc.css]
[www.dhs.gov/themes/contrib/stable/css/core/components/progress.module19bc.css]
[www.dhs.gov/themes/contrib/stable/images/core/throbber-active.gif]
[www.dhs.gov/themes/contrib/stable/images/core/loading-small.gif]
[www.dhs.gov/themes/contrib/stable/css/core/components/ajax-progress.module19bc.css]
[www.dhs.gov/themes/contrib/stable/css/system/components/align.module19bc.css]
[www.dhs.gov/themes/contrib/stable/css/system/components/fieldgroup.module19bc.css]
[www.dhs.gov/themes/contrib/stable/css/system/components/container-inline.module19bc.css]
[www.dhs.gov/themes/contrib/stable/css/system/components/clearfix.module19bc.css]
[www.dhs.gov/themes/contrib/stable/css/system/components/details.module19bc.css]
[www.dhs.gov/themes/contrib/stable/css/system/components/hidden.module19bc.css]
[www.dhs.gov/themes/contrib/stable/css/system/components/item-list.module19bc.css]
[www.dhs.gov/themes/contrib/stable/css/system/components/js.module19bc.css]
[www.dhs.gov/themes/contrib/stable/css/system/components/nowrap.module19bc.css]
[www.dhs.gov/themes/contrib/stable/css/system/components/position-container.module19bc.css]
[www.dhs.gov/themes/contrib/stable/css/system/components/reset-appearance.module19bc.css]
[www.dhs.gov/themes/contrib/stable/css/system/components/resize.module19bc.css]
[www.dhs.gov/themes/contrib/stable/images/core/icons/e32700/error.svg]
[www.dhs.gov/themes/contrib/stable/images/core/icons/e29700/warning.svg]
[www.dhs.gov/themes/contrib/stable/images/core/icons/73b355/check.svg]
[www.dhs.gov/themes/contrib/stable/css/system/components/system-status-counter19bc.css]
[www.dhs.gov/themes/contrib/stable/css/system/components/system-status-report-counters19bc.css]
[www.dhs.gov/themes/contrib/stable/css/system/components/system-status-report-general-info19bc.css]
[www.dhs.gov/themes/contrib/stable/images/core/icons/787878/twistie-down.svg]
[www.dhs.gov/themes/contrib/stable/images/core/icons/787878/twistie-up.svg]
[www.dhs.gov/themes/contrib/stable/css/system/components/tablesort.module19bc.css]
[www.dhs.gov/profiles/dhsd8_gov/modules/contrib/extlink_extra/css/extlink_extra.50819bc.css]
[www.dhs.gov/themes/contrib/stable/css/views/views.module19bc.css]
[www.dhs.gov/core/modules/ckeditor5/css/ckeditor5.dialog.fix19bc.css]
[www.dhs.gov/core/assets/vendor/jquery.ui/themes/base/images/ui-icons_444444_256x240.png]
[www.dhs.gov/core/assets/vendor/jquery.ui/themes/base/images/ui-icons_555555_256x240.png]
[www.dhs.gov/core/assets/vendor/jquery.ui/themes/base/images/ui-icons_ffffff_256x240.png]
[www.dhs.gov/core/assets/vendor/jquery.ui/themes/base/images/ui-icons_777620_256x240.png]
[www.dhs.gov/core/assets/vendor/jquery.ui/themes/base/images/ui-icons_cc0000_256x240.png]
[www.dhs.gov/core/assets/vendor/jquery.ui/themes/base/images/ui-icons_777777_256x240.png]
[www.dhs.gov/core/assets/vendor/jquery.ui/themes/base/theme19bc.css]
[www.dhs.gov/modules/contrib/ableplayer/button-icons/fonts/ablef7bd.svg]
[www.dhs.gov/modules/contrib/ableplayer/css/ableplayer.min19bc.css]
[www.dhs.gov/modules/contrib/ckeditor_accordion/css/accordion.frontend19bc.css]
[www.dhs.gov/modules/contrib/extlink/extlink19bc.css]
[www.dhs.gov/modules/contrib/wcm_node_feedback/css/wcm_node_feedback19bc.css]
[www.dhs.gov/modules/custom/wcm_survey/css/wcm_survey19bc.css]
[www.dhs.gov/themes/contrib/stable/css/core/assets/vendor/normalize-css/normalize19bc.css]
[www.dhs.gov/themes/contrib/stable/css/core/normalize-fixes19bc.css]
[www.dhs.gov/themes/contrib/classy/images/icons/73b355/check.svg]
[www.dhs.gov/themes/contrib/classy/images/icons/e29700/warning.svg]
[www.dhs.gov/themes/contrib/classy/images/icons/e32700/error.svg]
[www.dhs.gov/themes/contrib/classy/css/components/messages19bc.css]
[www.dhs.gov/themes/contrib/classy/css/components/progress19bc.css]
[www.dhs.gov/themes/contrib/classy/images/misc/loading-small.gif]
[www.dhs.gov/themes/contrib/classy/css/components/dialog19bc.css]
[www.dhs.gov/themes/custom/dhs_uswds/assets/uswds/img/usa-icons/launch.svg]
[www.dhs.gov/themes/custom/dhs_uswds/assets/uswds/img/usa-icons-bg/launch--white.svg]
[www.dhs.gov/themes/custom/dhs_uswds/assets/uswds/img/usa-icons/remove.svg]
[www.dhs.gov/themes/custom/dhs_uswds/assets/uswds/img/usa-icons/add.svg]
[www.dhs.gov/themes/custom/dhs_uswds/assets/uswds/img/usa-icons/check_circle.svg]
[www.dhs.gov/themes/custom/dhs_uswds/assets/uswds/img/usa-icons/warning.svg]
[www.dhs.gov/themes/custom/dhs_uswds/assets/uswds/img/usa-icons/error.svg]
[www.dhs.gov/themes/custom/dhs_uswds/assets/uswds/img/usa-icons/info.svg]
[www.dhs.gov/themes/custom/dhs_uswds/assets/uswds/img/usa-icons/expand_more.svg]
[www.dhs.gov/themes/custom/dhs_uswds/assets/uswds/img/usa-icons/close.svg]
[www.dhs.gov/themes/custom/dhs_uswds/assets/uswds/img/usa-icons/expand_less.svg]
[www.dhs.gov/themes/custom/dhs_uswds/assets/uswds/img/usa-icons/arrow_back.svg]
[www.dhs.gov/themes/custom/dhs_uswds/assets/uswds/img/usa-icons/navigate_next.svg]
[www.dhs.gov/themes/custom/dhs_uswds/assets/uswds/img/usa-icons-bg/check--blue-60v.svg]
[www.dhs.gov/themes/custom/dhs_uswds/assets/uswds/img/hero.jpg]
[www.dhs.gov/themes/custom/dhs_uswds/assets/uswds/img/usa-icons/search.svg]
[www.dhs.gov/themes/custom/dhs_uswds/assets/uswds/img/correct8.svg]
[www.dhs.gov/themes/custom/dhs_uswds/assets/uswds/img/correct8-alt.svg]
[www.dhs.gov/themes/custom/dhs_uswds/assets/uswds/img/usa-icons/unfold_more.svg]
[www.dhs.gov/themes/custom/dhs_uswds/assets/uswds/img/usa-icons/calendar_today.svg]
[www.dhs.gov/themes/custom/dhs_uswds/assets/uswds/img/usa-icons/navigate_far_before.svg]
[www.dhs.gov/themes/custom/dhs_uswds/assets/uswds/img/usa-icons/navigate_before.svg]
[www.dhs.gov/themes/custom/dhs_uswds/assets/uswds/img/usa-icons/navigate_far_next.svg]
[www.dhs.gov/themes/custom/dhs_uswds/assets/uswds/img/loader.svg]
[www.dhs.gov/themes/custom/dhs_uswds/assets/uswds/img/file-pdf.svg]
[www.dhs.gov/themes/custom/dhs_uswds/assets/uswds/img/file.svg]
[www.dhs.gov/themes/custom/dhs_uswds/assets/uswds/img/file-word.svg]
[www.dhs.gov/themes/custom/dhs_uswds/assets/uswds/img/file-excel.svg]
[www.dhs.gov/themes/custom/dhs_uswds/assets/uswds/img/file-video.svg]
[www.dhs.gov/themes/custom/dhs_uswds/assets/uswds/css/styles19bc.css]
[www.dhs.gov/profiles/dhsd8_gov/themes/custom/dhs_uswds_subtheme/images/error.svg]
[www.dhs.gov/profiles/dhsd8_gov/themes/custom/dhs_uswds_subtheme/images/info.svg]
[www.dhs.gov/profiles/dhsd8_gov/themes/custom/dhs_uswds_subtheme/images/check_circle.svg]
[www.dhs.gov/profiles/dhsd8_gov/themes/custom/dhs_uswds_subtheme/images/warning.svg]
[www.dhs.gov/profiles/dhsd8_gov/themes/custom/dhs_uswds_subtheme/assets/img/angle-arrow-down-white.svg]
[www.dhs.gov/profiles/dhsd8_gov/themes/custom/dhs_uswds_subtheme/assets/img/angle-arrow-up-white.svg]
[www.dhs.gov/profiles/dhsd8_gov/themes/custom/dhs_uswds_subtheme/assets/img/plus-darkgray.svg]
[www.dhs.gov/profiles/dhsd8_gov/themes/custom/dhs_uswds_subtheme/images/icon_publications_lib.png]
[www.dhs.gov/profiles/dhsd8_gov/themes/custom/dhs_uswds_subtheme/images/icon_gov_delivery.png]
[www.dhs.gov/profiles/dhsd8_gov/themes/custom/dhs_uswds_subtheme/assets/css/styles19bc.css]
[www.dhs.gov/profiles/dhsd8_gov/themes/custom/dhs_uswds_subtheme/assets/css/print19bc.css]
[www.dhs.gov/libraries/slick-carousel/slick/slick19bc.css]
[www.dhs.gov/libraries/slick-carousel/slick/ajax-loader.gif]
[www.dhs.gov/libraries/slick-carousel/slick/fonts/slick.eot]
[www.dhs.gov/libraries/slick-carousel/slick/fonts/slickd41d.eot]
[www.dhs.gov/libraries/slick-carousel/slick/fonts/slick.woff]
[www.dhs.gov/libraries/slick-carousel/slick/fonts/slick.ttf]
[www.dhs.gov/libraries/slick-carousel/slick/fonts/slick.svg]
[www.dhs.gov/libraries/slick-carousel/slick/slick-theme19bc.css]
[www.dhs.gov/themes/contrib/uswds/css/style19bc.css]
[www.dhs.gov/themes/contrib/seven/css/components/dropbutton.component19bc.css]
[www.dhs.gov/publication/ak.html]
[www.dhs.gov/publication/ak-2.html]
[www.dhs.gov/profiles/dhsd8_gov/themes/custom/dhs_uswds_subtheme/assets/img/icon-dot-gov.svg]
[www.dhs.gov/profiles/dhsd8_gov/themes/custom/dhs_uswds_subtheme/assets/img/icon-https.svg]
[www.dhs.gov/profiles/dhsd8_gov/themes/custom/dhs_uswds_subtheme/logo-wordmark-blue.svg]
[www.dhs.gov/themes/custom/dhs_uswds/assets/uswds/img/usa-icons/close-white.svg]
[www.dhs.gov/profiles/dhsd8_gov/themes/custom/dhs_uswds_subtheme/assets/img/usa-icons-bg/search--white.svg]
[www.dhs.gov/themes/custom/dhs_uswds/img/social-icons/facebook.svg]
[www.dhs.gov/themes/custom/dhs_uswds/img/social-icons/x.svg]
[www.dhs.gov/themes/custom/dhs_uswds/img/social-icons/youtube.svg]
[www.dhs.gov/themes/custom/dhs_uswds/img/social-icons/flickr.svg]
[www.dhs.gov/themes/custom/dhs_uswds/img/social-icons/instagram.svg]
[www.dhs.gov/themes/custom/dhs_uswds/img/social-icons/linkedin.svg]
[www.dhs.gov/themes/custom/dhs_uswds/img/social-icons/email.svg]
[www.dhs.gov/themes/custom/dhs_uswds/logo.svg]
[www.dhs.gov/themes/contrib/stable/images/core/icons/e32700/error.svg]
[www.dhs.gov/themes/contrib/stable/images/core/icons/e29700/warning.svg]
[www.dhs.gov/themes/contrib/stable/images/core/icons/73b355/check.svg]
[www.dhs.gov/themes/contrib/stable/images/core/icons/787878/twistie-down.svg]
[www.dhs.gov/themes/contrib/stable/images/core/icons/787878/twistie-up.svg]
[www.dhs.gov/modules/contrib/ableplayer/button-icons/fonts/ablef7bd.svg]
[www.dhs.gov/themes/contrib/classy/images/icons/73b355/check.svg]
[www.dhs.gov/themes/contrib/classy/images/icons/e29700/warning.svg]
[www.dhs.gov/themes/contrib/classy/images/icons/e32700/error.svg]
[www.dhs.gov/themes/custom/dhs_uswds/assets/uswds/img/usa-icons/launch.svg]
[www.dhs.gov/themes/custom/dhs_uswds/assets/uswds/img/usa-icons-bg/launch--white.svg]
[www.dhs.gov/themes/custom/dhs_uswds/assets/uswds/img/usa-icons/remove.svg]
[www.dhs.gov/themes/custom/dhs_uswds/assets/uswds/img/usa-icons/add.svg]
[www.dhs.gov/themes/custom/dhs_uswds/assets/uswds/img/usa-icons/check_circle.svg]
[www.dhs.gov/themes/custom/dhs_uswds/assets/uswds/img/usa-icons/warning.svg]
[www.dhs.gov/themes/custom/dhs_uswds/assets/uswds/img/usa-icons/error.svg]
[www.dhs.gov/themes/custom/dhs_uswds/assets/uswds/img/usa-icons/info.svg]
[www.dhs.gov/themes/custom/dhs_uswds/assets/uswds/img/usa-icons/expand_more.svg]
[www.dhs.gov/themes/custom/dhs_uswds/assets/uswds/img/usa-icons/close.svg]
[www.dhs.gov/themes/custom/dhs_uswds/assets/uswds/img/usa-icons/expand_less.svg]
[www.dhs.gov/themes/custom/dhs_uswds/assets/uswds/img/usa-icons/arrow_back.svg]
[www.dhs.gov/themes/custom/dhs_uswds/assets/uswds/img/usa-icons/navigate_next.svg]
[www.dhs.gov/themes/custom/dhs_uswds/assets/uswds/img/usa-icons-bg/check--blue-60v.svg]
[www.dhs.gov/themes/custom/dhs_uswds/assets/uswds/img/usa-icons/search.svg]
[www.dhs.gov/themes/custom/dhs_uswds/assets/uswds/img/correct8.svg]
[www.dhs.gov/themes/custom/dhs_uswds/assets/uswds/img/correct8-alt.svg]
[www.dhs.gov/themes/custom/dhs_uswds/assets/uswds/img/usa-icons/unfold_more.svg]
[www.dhs.gov/themes/custom/dhs_uswds/assets/uswds/img/usa-icons/calendar_today.svg]
[www.dhs.gov/themes/custom/dhs_uswds/assets/uswds/img/usa-icons/navigate_far_before.svg]
[www.dhs.gov/themes/custom/dhs_uswds/assets/uswds/img/usa-icons/navigate_before.svg]
[www.dhs.gov/themes/custom/dhs_uswds/assets/uswds/img/usa-icons/navigate_far_next.svg]
[www.dhs.gov/themes/custom/dhs_uswds/assets/uswds/img/loader.svg]
[www.dhs.gov/themes/custom/dhs_uswds/assets/uswds/img/file-pdf.svg]
[www.dhs.gov/themes/custom/dhs_uswds/assets/uswds/img/file.svg]
[www.dhs.gov/themes/custom/dhs_uswds/assets/uswds/img/file-word.svg]
[www.dhs.gov/themes/custom/dhs_uswds/assets/uswds/img/file-excel.svg]
[www.dhs.gov/themes/custom/dhs_uswds/assets/uswds/img/file-video.svg]
[www.dhs.gov/profiles/dhsd8_gov/themes/custom/dhs_uswds_subtheme/images/error.svg]
[www.dhs.gov/profiles/dhsd8_gov/themes/custom/dhs_uswds_subtheme/images/info.svg]
[www.dhs.gov/profiles/dhsd8_gov/themes/custom/dhs_uswds_subtheme/images/check_circle.svg]
[www.dhs.gov/profiles/dhsd8_gov/themes/custom/dhs_uswds_subtheme/images/warning.svg]
[www.dhs.gov/profiles/dhsd8_gov/themes/custom/dhs_uswds_subtheme/assets/images/source/footer_background.html]
[www.dhs.gov/profiles/dhsd8_gov/themes/custom/dhs_uswds_subtheme/assets/img/angle-arrow-down-white.svg]
[www.dhs.gov/profiles/dhsd8_gov/themes/custom/dhs_uswds_subtheme/assets/img/angle-arrow-up-white.svg]
[www.dhs.gov/profiles/dhsd8_gov/themes/custom/dhs_uswds_subtheme/assets/img/plus-darkgray.svg]
[www.dhs.gov/libraries/slick-carousel/slick/fonts/slick.svg]
