[www.dhs.gov/sites/default/files/google_analytics/gtag19bc.js]
[backblue.gif]
[fade.gif]
[index.html]
[www.dhs.gov/publication/dhs-language-access-plans.html]
[www.googletagmanager.com/gtm5445.html]
[www.dhs.gov/core/assets/vendor/jquery.ui/themes/base/core19bc.css]
[www.dhs.gov/core/assets/vendor/jquery.ui/themes/base/controlgroup19bc.css]
[www.dhs.gov/core/assets/vendor/jquery.ui/themes/base/checkboxradio19bc.css]
[www.dhs.gov/core/assets/vendor/jquery.ui/themes/base/resizable19bc.css]
[www.dhs.gov/core/assets/vendor/jquery.ui/themes/base/button19bc.css]
[www.dhs.gov/core/assets/vendor/jquery.ui/themes/base/dialog19bc.css]
[www.dhs.gov/themes/contrib/stable/css/core/components/progress.module19bc.css]
[www.dhs.gov/themes/contrib/stable/css/core/components/ajax-progress.module19bc.css]
[www.dhs.gov/themes/contrib/stable/css/system/components/align.module19bc.css]
[www.dhs.gov/themes/contrib/stable/css/system/components/fieldgroup.module19bc.css]
[www.dhs.gov/themes/contrib/stable/css/system/components/container-inline.module19bc.css]
[www.dhs.gov/themes/contrib/stable/css/system/components/clearfix.module19bc.css]
